// Vitest Snapshot v1, https://vitest.dev/guide/snapshot.html

exports[`ToDoList > matches snapshot 1`] = `
<DocumentFragment>
  <div
    class="todo-list"
  >
    <h2>
      To-do List
    </h2>
    <div
      class="add-task"
    >
      <input
        placeholder="Add new task"
        type="text"
        value=""
      />
      <button>
        Add Task
      </button>
    </div>
    <div
      class="tasks"
    >
      <h3>
        Active Tasks
      </h3>
    </div>
    <div
      class="completed-tasks"
    >
      <h3>
        <button>
          Hide Completed Tasks
        </button>
      </h3>
      <div>
        <button>
          Delete All
        </button>
      </div>
    </div>
  </div>
</DocumentFragment>
`;
